[2020-05-16T21:58:00.069+0500][0.018s] Heap region size: 1M
[2020-05-16T21:58:00.291+0500][0.240s] Using G1
[2020-05-16T21:58:00.291+0500][0.240s] Heap address: 0x00000007e0000000, size: 512 MB, Compressed Oops mode: Zero based, Oop shift amount: 3
[2020-05-16T21:58:00.292+0500][0.241s] Mark closed archive regions in map: [0x00000007fff00000, 0x00000007fff76ff8]
[2020-05-16T21:58:00.292+0500][0.241s] Mark open archive regions in map: [0x00000007ffe00000, 0x00000007ffe47ff8]
[2020-05-16T21:58:00.312+0500][0.261s] Periodic GC disabled
[2020-05-16T21:58:00.875+0500][0.824s] GC(0) Pause Young (Normal) (G1 Evacuation Pause)
[2020-05-16T21:58:00.875+0500][0.824s] GC(0) Using 4 workers of 4 for evacuation
[2020-05-16T21:58:00.889+0500][0.838s] GC(0)   Pre Evacuate Collection Set: 0.0ms
[2020-05-16T21:58:00.889+0500][0.838s] GC(0)   Evacuate Collection Set: 12.9ms
[2020-05-16T21:58:00.889+0500][0.838s] GC(0)   Post Evacuate Collection Set: 0.3ms
[2020-05-16T21:58:00.889+0500][0.838s] GC(0)   Other: 0.5ms
[2020-05-16T21:58:00.889+0500][0.838s] GC(0) Eden regions: 25->0(304)
[2020-05-16T21:58:00.889+0500][0.838s] GC(0) Survivor regions: 0->3(4)
[2020-05-16T21:58:00.889+0500][0.838s] GC(0) Old regions: 0->0
[2020-05-16T21:58:00.889+0500][0.838s] GC(0) Archive regions: 2->2
[2020-05-16T21:58:00.889+0500][0.838s] GC(0) Humongous regions: 0->0
[2020-05-16T21:58:00.889+0500][0.838s] GC(0) Metaspace: 5909K->5909K(1056768K)
[2020-05-16T21:58:00.889+0500][0.838s] GC(0) Pause Young (Normal) (G1 Evacuation Pause) 25M->3M(512M) 13.793ms
[2020-05-16T21:58:00.889+0500][0.838s] GC(0) User=0.03s Sys=0.00s Real=0.01s
[2020-05-16T21:58:12.825+0500][12.774s] GC(1) Pause Young (Concurrent Start) (Metadata GC Threshold)
[2020-05-16T21:58:12.825+0500][12.774s] GC(1) Using 4 workers of 4 for evacuation
[2020-05-16T21:58:12.844+0500][12.793s] GC(1)   Pre Evacuate Collection Set: 0.0ms
[2020-05-16T21:58:12.844+0500][12.793s] GC(1)   Evacuate Collection Set: 18.3ms
[2020-05-16T21:58:12.844+0500][12.793s] GC(1)   Post Evacuate Collection Set: 0.9ms
[2020-05-16T21:58:12.844+0500][12.793s] GC(1)   Other: 0.2ms
[2020-05-16T21:58:12.844+0500][12.793s] GC(1) Eden regions: 110->0(71)
[2020-05-16T21:58:12.844+0500][12.793s] GC(1) Survivor regions: 3->18(19)
[2020-05-16T21:58:12.844+0500][12.793s] GC(1) Old regions: 0->0
[2020-05-16T21:58:12.844+0500][12.793s] GC(1) Archive regions: 2->2
[2020-05-16T21:58:12.844+0500][12.793s] GC(1) Humongous regions: 4->4
[2020-05-16T21:58:12.844+0500][12.793s] GC(1) Metaspace: 20627K->20627K(1069056K)
[2020-05-16T21:58:12.844+0500][12.793s] GC(1) Pause Young (Concurrent Start) (Metadata GC Threshold) 116M->22M(512M) 19.609ms
[2020-05-16T21:58:12.844+0500][12.793s] GC(1) User=0.07s Sys=0.00s Real=0.02s
[2020-05-16T21:58:12.845+0500][12.793s] GC(2) Concurrent Cycle
[2020-05-16T21:58:12.845+0500][12.793s] GC(2) Concurrent Clear Claimed Marks
[2020-05-16T21:58:12.845+0500][12.793s] GC(2) Concurrent Clear Claimed Marks 0.033ms
[2020-05-16T21:58:12.845+0500][12.793s] GC(2) Concurrent Scan Root Regions
[2020-05-16T21:58:12.856+0500][12.804s] GC(2) Concurrent Scan Root Regions 10.998ms
[2020-05-16T21:58:12.856+0500][12.804s] GC(2) Concurrent Mark (12.804s)
[2020-05-16T21:58:12.856+0500][12.805s] GC(2) Concurrent Mark From Roots
[2020-05-16T21:58:12.856+0500][12.805s] GC(2) Using 1 workers of 1 for marking
[2020-05-16T21:58:12.866+0500][12.815s] GC(2) Concurrent Mark From Roots 10.703ms
[2020-05-16T21:58:12.866+0500][12.815s] GC(2) Concurrent Preclean
[2020-05-16T21:58:12.866+0500][12.815s] GC(2) Concurrent Preclean 0.038ms
[2020-05-16T21:58:12.866+0500][12.815s] GC(2) Concurrent Mark (12.804s, 12.815s) 10.844ms
[2020-05-16T21:58:12.867+0500][12.815s] GC(2) Pause Remark
[2020-05-16T21:58:12.868+0500][12.817s] GC(2) Pause Remark 23M->23M(512M) 1.685ms
[2020-05-16T21:58:12.868+0500][12.817s] GC(2) User=0.00s Sys=0.00s Real=0.00s
[2020-05-16T21:58:12.868+0500][12.817s] GC(2) Concurrent Rebuild Remembered Sets
[2020-05-16T21:58:12.872+0500][12.820s] GC(2) Concurrent Rebuild Remembered Sets 3.098ms
[2020-05-16T21:58:12.874+0500][12.823s] GC(2) Pause Cleanup
[2020-05-16T21:58:12.874+0500][12.823s] GC(2) Pause Cleanup 24M->24M(512M) 0.123ms
[2020-05-16T21:58:12.874+0500][12.823s] GC(2) User=0.00s Sys=0.00s Real=0.00s
[2020-05-16T21:58:12.875+0500][12.823s] GC(2) Concurrent Cleanup for Next Mark
[2020-05-16T21:58:12.876+0500][12.824s] GC(2) Concurrent Cleanup for Next Mark 0.964ms
[2020-05-16T21:58:12.876+0500][12.824s] GC(2) Concurrent Cycle 31.121ms
[2020-05-16T21:58:18.709+0500][18.657s] GC(3) Pause Young (Normal) (G1 Evacuation Pause)
[2020-05-16T21:58:18.709+0500][18.657s] GC(3) Using 4 workers of 4 for evacuation
[2020-05-16T21:58:18.736+0500][18.683s] GC(3)   Pre Evacuate Collection Set: 0.0ms
[2020-05-16T21:58:18.736+0500][18.683s] GC(3)   Evacuate Collection Set: 24.9ms
[2020-05-16T21:58:18.736+0500][18.683s] GC(3)   Post Evacuate Collection Set: 1.1ms
[2020-05-16T21:58:18.736+0500][18.683s] GC(3)   Other: 0.2ms
[2020-05-16T21:58:18.736+0500][18.683s] GC(3) Eden regions: 61->0(90)
[2020-05-16T21:58:18.736+0500][18.683s] GC(3) Survivor regions: 18->4(10)
[2020-05-16T21:58:18.736+0500][18.683s] GC(3) Old regions: 0->18
[2020-05-16T21:58:18.736+0500][18.683s] GC(3) Archive regions: 2->2
[2020-05-16T21:58:18.736+0500][18.683s] GC(3) Humongous regions: 4->4
[2020-05-16T21:58:18.736+0500][18.683s] GC(3) Metaspace: 29805K->29805K(1077248K)
[2020-05-16T21:58:18.736+0500][18.683s] GC(3) Pause Young (Normal) (G1 Evacuation Pause) 83M->26M(512M) 26.426ms
[2020-05-16T21:58:18.736+0500][18.683s] GC(3) User=0.09s Sys=0.00s Real=0.03s
[2020-05-16T22:01:30.652+0500][210.586s] GC(4) Pause Young (Concurrent Start) (Metadata GC Threshold)
[2020-05-16T22:01:30.652+0500][210.586s] GC(4) Using 4 workers of 4 for evacuation
[2020-05-16T22:01:30.659+0500][210.594s] GC(4)   Pre Evacuate Collection Set: 0.1ms
[2020-05-16T22:01:30.659+0500][210.594s] GC(4)   Evacuate Collection Set: 6.7ms
[2020-05-16T22:01:30.659+0500][210.594s] GC(4)   Post Evacuate Collection Set: 0.4ms
[2020-05-16T22:01:30.659+0500][210.594s] GC(4)   Other: 0.2ms
[2020-05-16T22:01:30.659+0500][210.594s] GC(4) Eden regions: 80->0(97)
[2020-05-16T22:01:30.659+0500][210.594s] GC(4) Survivor regions: 4->6(12)
[2020-05-16T22:01:30.659+0500][210.594s] GC(4) Old regions: 18->18
[2020-05-16T22:01:30.659+0500][210.594s] GC(4) Archive regions: 2->2
[2020-05-16T22:01:30.659+0500][210.594s] GC(4) Humongous regions: 4->4
[2020-05-16T22:01:30.659+0500][210.594s] GC(4) Metaspace: 34923K->34923K(1081344K)
[2020-05-16T22:01:30.659+0500][210.594s] GC(4) Pause Young (Concurrent Start) (Metadata GC Threshold) 105M->28M(512M) 7.677ms
[2020-05-16T22:01:30.659+0500][210.594s] GC(4) User=0.03s Sys=0.00s Real=0.00s
[2020-05-16T22:01:30.659+0500][210.594s] GC(5) Concurrent Cycle
[2020-05-16T22:01:30.659+0500][210.594s] GC(5) Concurrent Clear Claimed Marks
[2020-05-16T22:01:30.660+0500][210.594s] GC(5) Concurrent Clear Claimed Marks 0.062ms
[2020-05-16T22:01:30.660+0500][210.594s] GC(5) Concurrent Scan Root Regions
[2020-05-16T22:01:30.665+0500][210.600s] GC(5) Concurrent Scan Root Regions 5.764ms
[2020-05-16T22:01:30.665+0500][210.600s] GC(5) Concurrent Mark (210.600s)
[2020-05-16T22:01:30.665+0500][210.600s] GC(5) Concurrent Mark From Roots
[2020-05-16T22:01:30.665+0500][210.600s] GC(5) Using 1 workers of 1 for marking
[2020-05-16T22:01:30.709+0500][210.644s] GC(5) Concurrent Mark From Roots 43.424ms
[2020-05-16T22:01:30.709+0500][210.644s] GC(5) Concurrent Preclean
[2020-05-16T22:01:30.709+0500][210.644s] GC(5) Concurrent Preclean 0.124ms
[2020-05-16T22:01:30.709+0500][210.644s] GC(5) Concurrent Mark (210.600s, 210.644s) 43.670ms
[2020-05-16T22:01:30.709+0500][210.644s] GC(5) Pause Remark
[2020-05-16T22:01:30.712+0500][210.646s] GC(5) Pause Remark 35M->35M(512M) 2.544ms
[2020-05-16T22:01:30.712+0500][210.647s] GC(5) User=0.00s Sys=0.00s Real=0.01s
[2020-05-16T22:01:30.722+0500][210.657s] GC(5) Concurrent Rebuild Remembered Sets
[2020-05-16T22:01:30.746+0500][210.681s] GC(5) Concurrent Rebuild Remembered Sets 24.204ms
[2020-05-16T22:01:30.757+0500][210.692s] GC(5) Pause Cleanup
[2020-05-16T22:01:30.758+0500][210.692s] GC(5) Pause Cleanup 46M->46M(512M) 0.150ms
[2020-05-16T22:01:30.758+0500][210.692s] GC(5) User=0.00s Sys=0.00s Real=0.00s
[2020-05-16T22:01:30.785+0500][210.719s] GC(5) Concurrent Cleanup for Next Mark
[2020-05-16T22:01:30.786+0500][210.720s] GC(5) Concurrent Cleanup for Next Mark 1.079ms
[2020-05-16T22:01:30.786+0500][210.720s] GC(5) Concurrent Cycle 126.241ms
[2020-05-16T22:01:31.082+0500][211.016s] GC(6) Pause Young (Normal) (G1 Evacuation Pause)
[2020-05-16T22:01:31.082+0500][211.017s] GC(6) Using 4 workers of 4 for evacuation
[2020-05-16T22:01:31.091+0500][211.025s] GC(6)   Pre Evacuate Collection Set: 0.0ms
[2020-05-16T22:01:31.091+0500][211.025s] GC(6)   Evacuate Collection Set: 8.1ms
[2020-05-16T22:01:31.091+0500][211.025s] GC(6)   Post Evacuate Collection Set: 0.4ms
[2020-05-16T22:01:31.091+0500][211.025s] GC(6)   Other: 0.2ms
[2020-05-16T22:01:31.091+0500][211.025s] GC(6) Eden regions: 97->0(132)
[2020-05-16T22:01:31.091+0500][211.025s] GC(6) Survivor regions: 6->8(13)
[2020-05-16T22:01:31.091+0500][211.025s] GC(6) Old regions: 18->18
[2020-05-16T22:01:31.091+0500][211.025s] GC(6) Archive regions: 2->2
[2020-05-16T22:01:31.091+0500][211.025s] GC(6) Humongous regions: 4->4
[2020-05-16T22:01:31.091+0500][211.025s] GC(6) Metaspace: 36427K->36427K(1083392K)
[2020-05-16T22:01:31.091+0500][211.025s] GC(6) Pause Young (Normal) (G1 Evacuation Pause) 125M->30M(512M) 8.815ms
[2020-05-16T22:01:31.091+0500][211.025s] GC(6) User=0.03s Sys=0.00s Real=0.01s
[2020-05-16T22:01:31.438+0500][211.373s] GC(7) Pause Young (Normal) (G1 Evacuation Pause)
[2020-05-16T22:01:31.438+0500][211.373s] GC(7) Using 4 workers of 4 for evacuation
[2020-05-16T22:01:31.446+0500][211.380s] GC(7)   Pre Evacuate Collection Set: 0.0ms
[2020-05-16T22:01:31.446+0500][211.380s] GC(7)   Evacuate Collection Set: 6.8ms
[2020-05-16T22:01:31.446+0500][211.380s] GC(7)   Post Evacuate Collection Set: 0.5ms
[2020-05-16T22:01:31.446+0500][211.380s] GC(7)   Other: 0.2ms
[2020-05-16T22:01:31.446+0500][211.380s] GC(7) Eden regions: 132->0(175)
[2020-05-16T22:01:31.446+0500][211.380s] GC(7) Survivor regions: 8->9(18)
[2020-05-16T22:01:31.446+0500][211.380s] GC(7) Old regions: 18->18
[2020-05-16T22:01:31.446+0500][211.380s] GC(7) Archive regions: 2->2
[2020-05-16T22:01:31.446+0500][211.380s] GC(7) Humongous regions: 4->4
[2020-05-16T22:01:31.446+0500][211.380s] GC(7) Metaspace: 37870K->37870K(1083392K)
[2020-05-16T22:01:31.446+0500][211.380s] GC(7) Pause Young (Normal) (G1 Evacuation Pause) 162M->30M(512M) 7.717ms
[2020-05-16T22:01:31.446+0500][211.380s] GC(7) User=0.03s Sys=0.00s Real=0.01s
[2020-05-16T22:01:32.431+0500][212.365s] GC(8) Pause Young (Normal) (G1 Evacuation Pause)
[2020-05-16T22:01:32.431+0500][212.365s] GC(8) Using 4 workers of 4 for evacuation
[2020-05-16T22:01:32.439+0500][212.373s] GC(8)   Pre Evacuate Collection Set: 0.0ms
[2020-05-16T22:01:32.439+0500][212.373s] GC(8)   Evacuate Collection Set: 7.2ms
[2020-05-16T22:01:32.439+0500][212.373s] GC(8)   Post Evacuate Collection Set: 0.6ms
[2020-05-16T22:01:32.439+0500][212.373s] GC(8)   Other: 0.2ms
[2020-05-16T22:01:32.439+0500][212.373s] GC(8) Eden regions: 175->0(297)
[2020-05-16T22:01:32.439+0500][212.373s] GC(8) Survivor regions: 9->10(23)
[2020-05-16T22:01:32.439+0500][212.373s] GC(8) Old regions: 18->18
[2020-05-16T22:01:32.439+0500][212.373s] GC(8) Archive regions: 2->2
[2020-05-16T22:01:32.439+0500][212.373s] GC(8) Humongous regions: 5->4
[2020-05-16T22:01:32.439+0500][212.373s] GC(8) Metaspace: 41705K->41705K(1087488K)
[2020-05-16T22:01:32.439+0500][212.373s] GC(8) Pause Young (Normal) (G1 Evacuation Pause) 206M->32M(512M) 8.203ms
[2020-05-16T22:01:32.439+0500][212.373s] GC(8) User=0.03s Sys=0.00s Real=0.00s
[2020-05-16T22:01:46.087+0500][226.022s] GC(9) Pause Young (Normal) (G1 Evacuation Pause)
[2020-05-16T22:01:46.087+0500][226.022s] GC(9) Using 4 workers of 4 for evacuation
[2020-05-16T22:01:46.103+0500][226.038s] GC(9)   Pre Evacuate Collection Set: 0.0ms
[2020-05-16T22:01:46.104+0500][226.038s] GC(9)   Evacuate Collection Set: 14.6ms
[2020-05-16T22:01:46.104+0500][226.038s] GC(9)   Post Evacuate Collection Set: 1.2ms
[2020-05-16T22:01:46.104+0500][226.038s] GC(9)   Other: 0.3ms
[2020-05-16T22:01:46.104+0500][226.038s] GC(9) Eden regions: 297->0(288)
[2020-05-16T22:01:46.104+0500][226.038s] GC(9) Survivor regions: 10->19(39)
[2020-05-16T22:01:46.104+0500][226.038s] GC(9) Old regions: 18->18
[2020-05-16T22:01:46.104+0500][226.038s] GC(9) Archive regions: 2->2
[2020-05-16T22:01:46.104+0500][226.038s] GC(9) Humongous regions: 4->4
[2020-05-16T22:01:46.104+0500][226.038s] GC(9) Metaspace: 46778K->46778K(1091584K)
[2020-05-16T22:01:46.104+0500][226.038s] GC(9) Pause Young (Normal) (G1 Evacuation Pause) 329M->41M(512M) 16.367ms
[2020-05-16T22:01:46.104+0500][226.038s] GC(9) User=0.06s Sys=0.00s Real=0.02s
[2020-05-16T22:01:51.872+0500][231.806s] GC(10) Pause Young (Normal) (G1 Evacuation Pause)
[2020-05-16T22:01:51.872+0500][231.806s] GC(10) Using 4 workers of 4 for evacuation
[2020-05-16T22:01:51.890+0500][231.824s] GC(10)   Pre Evacuate Collection Set: 0.0ms
[2020-05-16T22:01:51.890+0500][231.824s] GC(10)   Evacuate Collection Set: 16.5ms
[2020-05-16T22:01:51.890+0500][231.825s] GC(10)   Post Evacuate Collection Set: 1.6ms
[2020-05-16T22:01:51.891+0500][231.825s] GC(10)   Other: 0.3ms
[2020-05-16T22:01:51.891+0500][231.825s] GC(10) Eden regions: 288->0(286)
[2020-05-16T22:01:51.891+0500][231.825s] GC(10) Survivor regions: 19->21(39)
[2020-05-16T22:01:51.891+0500][231.825s] GC(10) Old regions: 18->18
[2020-05-16T22:01:51.891+0500][231.825s] GC(10) Archive regions: 2->2
[2020-05-16T22:01:51.891+0500][231.825s] GC(10) Humongous regions: 4->4
[2020-05-16T22:01:51.891+0500][231.825s] GC(10) Metaspace: 47414K->47414K(1091584K)
[2020-05-16T22:01:51.891+0500][231.825s] GC(10) Pause Young (Normal) (G1 Evacuation Pause) 329M->43M(512M) 18.624ms
[2020-05-16T22:01:51.891+0500][231.825s] GC(10) User=0.07s Sys=0.00s Real=0.02s
