[2020-05-16T21:57:34.182+0500][0.019s] Heap region size: 1M
[2020-05-16T21:57:34.401+0500][0.238s] Using G1
[2020-05-16T21:57:34.401+0500][0.238s] Heap address: 0x00000007e0000000, size: 512 MB, Compressed Oops mode: Zero based, Oop shift amount: 3
[2020-05-16T21:57:34.402+0500][0.238s] Mark closed archive regions in map: [0x00000007fff00000, 0x00000007fff76ff8]
[2020-05-16T21:57:34.402+0500][0.238s] Mark open archive regions in map: [0x00000007ffe00000, 0x00000007ffe47ff8]
[2020-05-16T21:57:34.421+0500][0.258s] Periodic GC disabled
[2020-05-16T21:57:34.999+0500][0.836s] GC(0) Pause Young (Normal) (G1 Evacuation Pause)
[2020-05-16T21:57:34.999+0500][0.836s] GC(0) Using 4 workers of 4 for evacuation
[2020-05-16T21:57:35.008+0500][0.844s] GC(0)   Pre Evacuate Collection Set: 0.0ms
[2020-05-16T21:57:35.008+0500][0.844s] GC(0)   Evacuate Collection Set: 8.1ms
[2020-05-16T21:57:35.008+0500][0.844s] GC(0)   Post Evacuate Collection Set: 0.3ms
[2020-05-16T21:57:35.008+0500][0.844s] GC(0)   Other: 0.4ms
[2020-05-16T21:57:35.008+0500][0.844s] GC(0) Eden regions: 25->0(304)
[2020-05-16T21:57:35.008+0500][0.844s] GC(0) Survivor regions: 0->3(4)
[2020-05-16T21:57:35.008+0500][0.844s] GC(0) Old regions: 0->0
[2020-05-16T21:57:35.008+0500][0.844s] GC(0) Archive regions: 2->2
[2020-05-16T21:57:35.008+0500][0.844s] GC(0) Humongous regions: 0->0
[2020-05-16T21:57:35.008+0500][0.844s] GC(0) Metaspace: 5960K->5960K(1056768K)
[2020-05-16T21:57:35.008+0500][0.845s] GC(0) Pause Young (Normal) (G1 Evacuation Pause) 25M->3M(512M) 9.005ms
[2020-05-16T21:57:35.008+0500][0.845s] GC(0) User=0.02s Sys=0.00s Real=0.01s
[2020-05-16T21:57:41.594+0500][7.431s] GC(1) Pause Young (Concurrent Start) (Metadata GC Threshold)
[2020-05-16T21:57:41.594+0500][7.431s] GC(1) Using 4 workers of 4 for evacuation
[2020-05-16T21:57:41.617+0500][7.453s] GC(1)   Pre Evacuate Collection Set: 0.0ms
[2020-05-16T21:57:41.617+0500][7.453s] GC(1)   Evacuate Collection Set: 21.0ms
[2020-05-16T21:57:41.617+0500][7.453s] GC(1)   Post Evacuate Collection Set: 0.9ms
[2020-05-16T21:57:41.617+0500][7.453s] GC(1)   Other: 0.2ms
[2020-05-16T21:57:41.617+0500][7.453s] GC(1) Eden regions: 104->0(66)
[2020-05-16T21:57:41.617+0500][7.453s] GC(1) Survivor regions: 3->19(20)
[2020-05-16T21:57:41.617+0500][7.453s] GC(1) Old regions: 0->0
[2020-05-16T21:57:41.617+0500][7.453s] GC(1) Archive regions: 2->2
[2020-05-16T21:57:41.617+0500][7.453s] GC(1) Humongous regions: 4->4
[2020-05-16T21:57:41.617+0500][7.453s] GC(1) Metaspace: 20519K->20519K(1069056K)
[2020-05-16T21:57:41.617+0500][7.453s] GC(1) Pause Young (Concurrent Start) (Metadata GC Threshold) 111M->23M(512M) 22.341ms
[2020-05-16T21:57:41.617+0500][7.453s] GC(1) User=0.08s Sys=0.00s Real=0.02s
[2020-05-16T21:57:41.617+0500][7.453s] GC(2) Concurrent Cycle
[2020-05-16T21:57:41.617+0500][7.453s] GC(2) Concurrent Clear Claimed Marks
[2020-05-16T21:57:41.617+0500][7.453s] GC(2) Concurrent Clear Claimed Marks 0.041ms
[2020-05-16T21:57:41.617+0500][7.453s] GC(2) Concurrent Scan Root Regions
[2020-05-16T21:57:41.627+0500][7.464s] GC(2) Concurrent Scan Root Regions 10.339ms
[2020-05-16T21:57:41.627+0500][7.464s] GC(2) Concurrent Mark (7.464s)
[2020-05-16T21:57:41.627+0500][7.464s] GC(2) Concurrent Mark From Roots
[2020-05-16T21:57:41.627+0500][7.464s] GC(2) Using 1 workers of 1 for marking
[2020-05-16T21:57:41.640+0500][7.476s] GC(2) Concurrent Mark From Roots 12.460ms
[2020-05-16T21:57:41.640+0500][7.476s] GC(2) Concurrent Preclean
[2020-05-16T21:57:41.640+0500][7.476s] GC(2) Concurrent Preclean 0.037ms
[2020-05-16T21:57:41.640+0500][7.476s] GC(2) Concurrent Mark (7.464s, 7.476s) 12.591ms
[2020-05-16T21:57:41.640+0500][7.476s] GC(2) Pause Remark
[2020-05-16T21:57:41.641+0500][7.478s] GC(2) Pause Remark 23M->23M(512M) 1.449ms
[2020-05-16T21:57:41.642+0500][7.478s] GC(2) User=0.00s Sys=0.00s Real=0.00s
[2020-05-16T21:57:41.642+0500][7.478s] GC(2) Concurrent Rebuild Remembered Sets
[2020-05-16T21:57:41.644+0500][7.480s] GC(2) Concurrent Rebuild Remembered Sets 2.010ms
[2020-05-16T21:57:41.644+0500][7.480s] GC(2) Pause Cleanup
[2020-05-16T21:57:41.644+0500][7.481s] GC(2) Pause Cleanup 24M->24M(512M) 0.082ms
[2020-05-16T21:57:41.644+0500][7.481s] GC(2) User=0.00s Sys=0.00s Real=0.00s
[2020-05-16T21:57:41.644+0500][7.481s] GC(2) Concurrent Cleanup for Next Mark
[2020-05-16T21:57:41.645+0500][7.482s] GC(2) Concurrent Cleanup for Next Mark 1.061ms
[2020-05-16T21:57:41.645+0500][7.482s] GC(2) Concurrent Cycle 28.684ms
[2020-05-16T21:57:45.374+0500][11.210s] GC(3) Pause Young (Normal) (G1 Evacuation Pause)
[2020-05-16T21:57:45.374+0500][11.210s] GC(3) Using 4 workers of 4 for evacuation
[2020-05-16T21:57:45.402+0500][11.239s] GC(3)   Pre Evacuate Collection Set: 0.0ms
[2020-05-16T21:57:45.402+0500][11.239s] GC(3)   Evacuate Collection Set: 27.2ms
[2020-05-16T21:57:45.402+0500][11.239s] GC(3)   Post Evacuate Collection Set: 0.7ms
[2020-05-16T21:57:45.402+0500][11.239s] GC(3)   Other: 0.2ms
[2020-05-16T21:57:45.402+0500][11.239s] GC(3) Eden regions: 57->0(100)
[2020-05-16T21:57:45.402+0500][11.239s] GC(3) Survivor regions: 19->4(10)
[2020-05-16T21:57:45.402+0500][11.239s] GC(3) Old regions: 0->18
[2020-05-16T21:57:45.402+0500][11.239s] GC(3) Archive regions: 2->2
[2020-05-16T21:57:45.402+0500][11.239s] GC(3) Humongous regions: 4->4
[2020-05-16T21:57:45.402+0500][11.239s] GC(3) Metaspace: 28704K->28704K(1075200K)
[2020-05-16T21:57:45.402+0500][11.239s] GC(3) Pause Young (Normal) (G1 Evacuation Pause) 80M->26M(512M) 28.301ms
[2020-05-16T21:57:45.402+0500][11.239s] GC(3) User=0.11s Sys=0.00s Real=0.03s
[2020-05-16T21:57:57.234+0500][23.070s] GC(4) Pause Young (Concurrent Start) (Metadata GC Threshold)
[2020-05-16T21:57:57.234+0500][23.070s] GC(4) Using 4 workers of 4 for evacuation
[2020-05-16T21:57:57.241+0500][23.077s] GC(4)   Pre Evacuate Collection Set: 0.1ms
[2020-05-16T21:57:57.241+0500][23.077s] GC(4)   Evacuate Collection Set: 6.2ms
[2020-05-16T21:57:57.241+0500][23.077s] GC(4)   Post Evacuate Collection Set: 0.5ms
[2020-05-16T21:57:57.241+0500][23.077s] GC(4)   Other: 0.3ms
[2020-05-16T21:57:57.241+0500][23.077s] GC(4) Eden regions: 85->0(109)
[2020-05-16T21:57:57.241+0500][23.077s] GC(4) Survivor regions: 4->6(13)
[2020-05-16T21:57:57.241+0500][23.077s] GC(4) Old regions: 18->18
[2020-05-16T21:57:57.241+0500][23.077s] GC(4) Archive regions: 2->2
[2020-05-16T21:57:57.241+0500][23.077s] GC(4) Humongous regions: 4->4
[2020-05-16T21:57:57.241+0500][23.077s] GC(4) Metaspace: 34981K->34981K(1081344K)
[2020-05-16T21:57:57.241+0500][23.077s] GC(4) Pause Young (Concurrent Start) (Metadata GC Threshold) 110M->27M(512M) 7.115ms
[2020-05-16T21:57:57.241+0500][23.077s] GC(4) User=0.02s Sys=0.01s Real=0.01s
[2020-05-16T21:57:57.241+0500][23.077s] GC(5) Concurrent Cycle
[2020-05-16T21:57:57.241+0500][23.077s] GC(5) Concurrent Clear Claimed Marks
[2020-05-16T21:57:57.241+0500][23.077s] GC(5) Concurrent Clear Claimed Marks 0.057ms
[2020-05-16T21:57:57.241+0500][23.077s] GC(5) Concurrent Scan Root Regions
[2020-05-16T21:57:57.247+0500][23.082s] GC(5) Concurrent Scan Root Regions 5.213ms
[2020-05-16T21:57:57.247+0500][23.082s] GC(5) Concurrent Mark (23.082s)
[2020-05-16T21:57:57.247+0500][23.082s] GC(5) Concurrent Mark From Roots
[2020-05-16T21:57:57.247+0500][23.083s] GC(5) Using 1 workers of 1 for marking
[2020-05-16T21:57:57.273+0500][23.108s] GC(5) Concurrent Mark From Roots 25.970ms
[2020-05-16T21:57:57.273+0500][23.109s] GC(5) Concurrent Preclean
[2020-05-16T21:57:57.273+0500][23.109s] GC(5) Concurrent Preclean 0.077ms
[2020-05-16T21:57:57.273+0500][23.109s] GC(5) Concurrent Mark (23.082s, 23.109s) 26.150ms
[2020-05-16T21:57:57.273+0500][23.109s] GC(5) Pause Remark
[2020-05-16T21:57:57.275+0500][23.111s] GC(5) Pause Remark 29M->29M(512M) 2.617ms
[2020-05-16T21:57:57.276+0500][23.111s] GC(5) User=0.01s Sys=0.00s Real=0.00s
[2020-05-16T21:57:57.276+0500][23.111s] GC(5) Concurrent Rebuild Remembered Sets
[2020-05-16T21:57:57.290+0500][23.126s] GC(5) Concurrent Rebuild Remembered Sets 14.251ms
[2020-05-16T21:57:57.290+0500][23.126s] GC(5) Pause Cleanup
[2020-05-16T21:57:57.290+0500][23.126s] GC(5) Pause Cleanup 29M->29M(512M) 0.090ms
[2020-05-16T21:57:57.290+0500][23.126s] GC(5) User=0.00s Sys=0.00s Real=0.00s
[2020-05-16T21:57:57.290+0500][23.126s] GC(5) Concurrent Cleanup for Next Mark
[2020-05-16T21:57:57.291+0500][23.127s] GC(5) Concurrent Cleanup for Next Mark 0.898ms
[2020-05-16T21:57:57.291+0500][23.127s] GC(5) Concurrent Cycle 50.067ms
[2020-05-16T22:01:30.775+0500][236.596s] GC(6) Pause Young (Normal) (G1 Evacuation Pause)
[2020-05-16T22:01:30.775+0500][236.596s] GC(6) Using 4 workers of 4 for evacuation
[2020-05-16T22:01:30.795+0500][236.617s] GC(6)   Pre Evacuate Collection Set: 0.0ms
[2020-05-16T22:01:30.795+0500][236.617s] GC(6)   Evacuate Collection Set: 19.4ms
[2020-05-16T22:01:30.795+0500][236.617s] GC(6)   Post Evacuate Collection Set: 0.7ms
[2020-05-16T22:01:30.796+0500][236.617s] GC(6)   Other: 0.3ms
[2020-05-16T22:01:30.796+0500][236.617s] GC(6) Eden regions: 109->0(131)
[2020-05-16T22:01:30.796+0500][236.617s] GC(6) Survivor regions: 6->9(15)
[2020-05-16T22:01:30.796+0500][236.617s] GC(6) Old regions: 18->18
[2020-05-16T22:01:30.796+0500][236.617s] GC(6) Archive regions: 2->2
[2020-05-16T22:01:30.796+0500][236.617s] GC(6) Humongous regions: 4->4
[2020-05-16T22:01:30.796+0500][236.617s] GC(6) Metaspace: 39705K->39705K(1085440K)
[2020-05-16T22:01:30.796+0500][236.617s] GC(6) Pause Young (Normal) (G1 Evacuation Pause) 136M->31M(512M) 20.634ms
[2020-05-16T22:01:30.796+0500][236.617s] GC(6) User=0.05s Sys=0.00s Real=0.02s
[2020-05-16T22:01:31.219+0500][237.041s] GC(7) Pause Young (Normal) (G1 Evacuation Pause)
[2020-05-16T22:01:31.219+0500][237.041s] GC(7) Using 4 workers of 4 for evacuation
[2020-05-16T22:01:31.228+0500][237.049s] GC(7)   Pre Evacuate Collection Set: 0.0ms
[2020-05-16T22:01:31.228+0500][237.049s] GC(7)   Evacuate Collection Set: 7.9ms
[2020-05-16T22:01:31.228+0500][237.049s] GC(7)   Post Evacuate Collection Set: 0.5ms
[2020-05-16T22:01:31.228+0500][237.049s] GC(7)   Other: 0.3ms
[2020-05-16T22:01:31.228+0500][237.049s] GC(7) Eden regions: 131->0(161)
[2020-05-16T22:01:31.228+0500][237.049s] GC(7) Survivor regions: 9->11(18)
[2020-05-16T22:01:31.228+0500][237.049s] GC(7) Old regions: 18->18
[2020-05-16T22:01:31.228+0500][237.049s] GC(7) Archive regions: 2->2
[2020-05-16T22:01:31.228+0500][237.049s] GC(7) Humongous regions: 4->4
[2020-05-16T22:01:31.228+0500][237.050s] GC(7) Metaspace: 41566K->41566K(1087488K)
[2020-05-16T22:01:31.228+0500][237.050s] GC(7) Pause Young (Normal) (G1 Evacuation Pause) 162M->32M(512M) 8.953ms
[2020-05-16T22:01:31.228+0500][237.050s] GC(7) User=0.03s Sys=0.00s Real=0.01s
[2020-05-16T22:01:31.695+0500][237.516s] GC(8) Pause Young (Normal) (G1 Evacuation Pause)
[2020-05-16T22:01:31.695+0500][237.516s] GC(8) Using 4 workers of 4 for evacuation
[2020-05-16T22:01:31.704+0500][237.525s] GC(8)   Pre Evacuate Collection Set: 0.0ms
[2020-05-16T22:01:31.704+0500][237.525s] GC(8)   Evacuate Collection Set: 7.9ms
[2020-05-16T22:01:31.704+0500][237.525s] GC(8)   Post Evacuate Collection Set: 0.6ms
[2020-05-16T22:01:31.704+0500][237.525s] GC(8)   Other: 0.3ms
[2020-05-16T22:01:31.704+0500][237.525s] GC(8) Eden regions: 161->0(252)
[2020-05-16T22:01:31.704+0500][237.525s] GC(8) Survivor regions: 11->12(22)
[2020-05-16T22:01:31.704+0500][237.525s] GC(8) Old regions: 18->18
[2020-05-16T22:01:31.704+0500][237.525s] GC(8) Archive regions: 2->2
[2020-05-16T22:01:31.704+0500][237.525s] GC(8) Humongous regions: 5->4
[2020-05-16T22:01:31.704+0500][237.525s] GC(8) Metaspace: 42325K->42325K(1087488K)
[2020-05-16T22:01:31.704+0500][237.525s] GC(8) Pause Young (Normal) (G1 Evacuation Pause) 194M->34M(512M) 9.043ms
[2020-05-16T22:01:31.704+0500][237.525s] GC(8) User=0.03s Sys=0.00s Real=0.01s
[2020-05-16T22:01:45.852+0500][251.672s] GC(9) Pause Young (Normal) (G1 Evacuation Pause)
[2020-05-16T22:01:45.852+0500][251.672s] GC(9) Using 4 workers of 4 for evacuation
[2020-05-16T22:01:45.875+0500][251.696s] GC(9)   Pre Evacuate Collection Set: 0.0ms
[2020-05-16T22:01:45.875+0500][251.696s] GC(9)   Evacuate Collection Set: 22.5ms
[2020-05-16T22:01:45.875+0500][251.696s] GC(9)   Post Evacuate Collection Set: 0.9ms
[2020-05-16T22:01:45.875+0500][251.696s] GC(9)   Other: 0.3ms
[2020-05-16T22:01:45.875+0500][251.696s] GC(9) Eden regions: 252->0(287)
[2020-05-16T22:01:45.876+0500][251.696s] GC(9) Survivor regions: 12->20(33)
[2020-05-16T22:01:45.876+0500][251.696s] GC(9) Old regions: 18->18
[2020-05-16T22:01:45.876+0500][251.696s] GC(9) Archive regions: 2->2
[2020-05-16T22:01:45.876+0500][251.696s] GC(9) Humongous regions: 4->4
[2020-05-16T22:01:45.876+0500][251.696s] GC(9) Metaspace: 50927K->50927K(1095680K)
[2020-05-16T22:01:45.876+0500][251.696s] GC(9) Pause Young (Normal) (G1 Evacuation Pause) 286M->41M(512M) 23.991ms
[2020-05-16T22:01:45.876+0500][251.696s] GC(9) User=0.07s Sys=0.00s Real=0.02s
[2020-05-16T22:01:46.293+0500][252.114s] GC(10) Pause Young (Normal) (G1 Evacuation Pause)
[2020-05-16T22:01:46.293+0500][252.114s] GC(10) Using 4 workers of 4 for evacuation
[2020-05-16T22:01:46.311+0500][252.132s] GC(10)   Pre Evacuate Collection Set: 0.0ms
[2020-05-16T22:01:46.311+0500][252.132s] GC(10)   Evacuate Collection Set: 16.3ms
[2020-05-16T22:01:46.311+0500][252.132s] GC(10)   Post Evacuate Collection Set: 1.6ms
[2020-05-16T22:01:46.311+0500][252.132s] GC(10)   Other: 0.3ms
[2020-05-16T22:01:46.311+0500][252.132s] GC(10) Eden regions: 287->0(284)
[2020-05-16T22:01:46.311+0500][252.132s] GC(10) Survivor regions: 20->23(39)
[2020-05-16T22:01:46.311+0500][252.132s] GC(10) Old regions: 18->18
[2020-05-16T22:01:46.311+0500][252.132s] GC(10) Archive regions: 2->2
[2020-05-16T22:01:46.311+0500][252.132s] GC(10) Humongous regions: 4->4
[2020-05-16T22:01:46.311+0500][252.132s] GC(10) Metaspace: 51084K->51084K(1095680K)
[2020-05-16T22:01:46.311+0500][252.132s] GC(10) Pause Young (Normal) (G1 Evacuation Pause) 328M->44M(512M) 18.436ms
[2020-05-16T22:01:46.312+0500][252.132s] GC(10) User=0.06s Sys=0.00s Real=0.02s
